C:\Users\1\AppData\Local\Programs\Python\Python310\Scripts>pip list
Package    Version
---------- -------
pip        22.0.4
setuptools 58.1.0

C:\Users\1\AppData\Local\Programs\Python\Python310\Scripts>pip install pillow
Collecting pillow
  Downloading Pillow-9.1.0-cp310-cp310-win_amd64.whl (3.3 MB)
     ---------------------------------------- 3.3/3.3 MB 2.4 MB/s eta 0:00:00
Installing collected packages: pillow
Successfully installed pillow-9.1.0

C:\Users\1\AppData\Local\Programs\Python\Python310\Scripts>pip list
Package    Version
---------- -------
Pillow     9.1.0
pip        22.0.4
setuptools 58.1.0

C:\Users\1\AppData\Local\Programs\Python\Python310\Scripts>pip freeze
Pillow==9.1.0

C:\Users\1\AppData\Local\Programs\Python\Python310\Scripts>E:

E:\>cd New_Env

E:\New_Env>python3 -m venv path
Python
E:\New_Env>python -m venv virt

E:\New_Env>dir
 Том в устройстве E не имеет метки.
 Серийный номер тома: 1C5D-5FDD

 Содержимое папки E:\New_Env

02.05.2022  01:14    <DIR>          .
02.05.2022  01:14    <DIR>          ..
02.05.2022  01:14    <DIR>          virt
               0 файлов              0 байт
               3 папок  34 413 576 192 байт свободно

E:\New_Env>cd virt

E:\New_Env\virt>cd Scripts

E:\New_Env\virt\Scripts>pip list
Package    Version
---------- -------
pip        22.0.4
setuptools 58.1.0

E:\New_Env\virt\Scripts>activate

(virt) E:\New_Env\virt\Scripts>pip freeze

(virt) E:\New_Env\virt\Scripts>pip install pillow==7.1.1
Collecting pillow==7.1.1
  Downloading Pillow-7.1.1.tar.gz (38.9 MB)
     ---------------------------------------- 38.9/38.9 MB 2.0 MB/s eta 0:00:00
  Preparing metadata (setup.py) ... done
Using legacy 'setup.py install' for pillow, since package 'wheel' is not installed.
Installing collected packages: pillow
  Running setup.py install for pillow ... error
  error: subprocess-exited-with-error

  × Running setup.py install for pillow did not run successfully.
  │ exit code: 1
  ╰─> [178 lines of output]
      C:\Users\1\AppData\Local\Temp\pip-install-02n7o4j9\pillow_8654d74490554569af923b8b01e66612\setup.py:42: RuntimeWarning: Pillow 7.1.1 does not support Python 3.10 and does not provide prebuilt Windows binaries. We do not recommend building from source on Windows.
        warnings.warn(
      running install
      running build
      running build_py
      creating build
      creating build\lib.win-amd64-3.10
      creating build\lib.win-amd64-3.10\PIL
      copying src\PIL\BdfFontFile.py -> build\lib.win-amd64-3.10\PIL
      copying src\PIL\BlpImagePlugin.py -> build\lib.win-amd64-3.10\PIL
      copying src\PIL\BmpImagePlugin.py -> build\lib.win-amd64-3.10\PIL
      copying src\PIL\BufrStubImagePlugin.py -> build\lib.win-amd64-3.10\PIL
      copying src\PIL\ContainerIO.py -> build\lib.win-amd64-3.10\PIL
      copying src\PIL\CurImagePlugin.py -> build\lib.win-amd64-3.10\PIL
      copying src\PIL\DcxImagePlugin.py -> build\lib.win-amd64-3.10\PIL
      copying src\PIL\DdsImagePlugin.py -> build\lib.win-amd64-3.10\PIL
      copying src\PIL\EpsImagePlugin.py -> build\lib.win-amd64-3.10\PIL
      copying src\PIL\ExifTags.py -> build\lib.win-amd64-3.10\PIL
      copying src\PIL\features.py -> build\lib.win-amd64-3.10\PIL
      copying src\PIL\FitsStubImagePlugin.py -> build\lib.win-amd64-3.10\PIL
      copying src\PIL\FliImagePlugin.py -> build\lib.win-amd64-3.10\PIL
      copying src\PIL\FontFile.py -> build\lib.win-amd64-3.10\PIL
      copying src\PIL\FpxImagePlugin.py -> build\lib.win-amd64-3.10\PIL
      copying src\PIL\FtexImagePlugin.py -> build\lib.win-amd64-3.10\PIL
      copying src\PIL\GbrImagePlugin.py -> build\lib.win-amd64-3.10\PIL
      copying src\PIL\GdImageFile.py -> build\lib.win-amd64-3.10\PIL
      copying src\PIL\GifImagePlugin.py -> build\lib.win-amd64-3.10\PIL
      copying src\PIL\GimpGradientFile.py -> build\lib.win-amd64-3.10\PIL
      copying src\PIL\GimpPaletteFile.py -> build\lib.win-amd64-3.10\PIL
      copying src\PIL\GribStubImagePlugin.py -> build\lib.win-amd64-3.10\PIL
      copying src\PIL\Hdf5StubImagePlugin.py -> build\lib.win-amd64-3.10\PIL
      copying src\PIL\IcnsImagePlugin.py -> build\lib.win-amd64-3.10\PIL
      copying src\PIL\IcoImagePlugin.py -> build\lib.win-amd64-3.10\PIL
      copying src\PIL\Image.py -> build\lib.win-amd64-3.10\PIL
      copying src\PIL\ImageChops.py -> build\lib.win-amd64-3.10\PIL
      copying src\PIL\ImageCms.py -> build\lib.win-amd64-3.10\PIL
      copying src\PIL\ImageColor.py -> build\lib.win-amd64-3.10\PIL
      copying src\PIL\ImageDraw.py -> build\lib.win-amd64-3.10\PIL
      copying src\PIL\ImageDraw2.py -> build\lib.win-amd64-3.10\PIL
      copying src\PIL\ImageEnhance.py -> build\lib.win-amd64-3.10\PIL
      copying src\PIL\ImageFile.py -> build\lib.win-amd64-3.10\PIL
      copying src\PIL\ImageFilter.py -> build\lib.win-amd64-3.10\PIL
      copying src\PIL\ImageFont.py -> build\lib.win-amd64-3.10\PIL
      copying src\PIL\ImageGrab.py -> build\lib.win-amd64-3.10\PIL
      copying src\PIL\ImageMath.py -> build\lib.win-amd64-3.10\PIL
      copying src\PIL\ImageMode.py -> build\lib.win-amd64-3.10\PIL
      copying src\PIL\ImageMorph.py -> build\lib.win-amd64-3.10\PIL
      copying src\PIL\ImageOps.py -> build\lib.win-amd64-3.10\PIL
      copying src\PIL\ImagePalette.py -> build\lib.win-amd64-3.10\PIL
      copying src\PIL\ImagePath.py -> build\lib.win-amd64-3.10\PIL
      copying src\PIL\ImageQt.py -> build\lib.win-amd64-3.10\PIL
      copying src\PIL\ImageSequence.py -> build\lib.win-amd64-3.10\PIL
      copying src\PIL\ImageShow.py -> build\lib.win-amd64-3.10\PIL
      copying src\PIL\ImageStat.py -> build\lib.win-amd64-3.10\PIL
      copying src\PIL\ImageTk.py -> build\lib.win-amd64-3.10\PIL
      copying src\PIL\ImageTransform.py -> build\lib.win-amd64-3.10\PIL
      copying src\PIL\ImageWin.py -> build\lib.win-amd64-3.10\PIL
      copying src\PIL\ImImagePlugin.py -> build\lib.win-amd64-3.10\PIL
      copying src\PIL\ImtImagePlugin.py -> build\lib.win-amd64-3.10\PIL
      copying src\PIL\IptcImagePlugin.py -> build\lib.win-amd64-3.10\PIL
      copying src\PIL\Jpeg2KImagePlugin.py -> build\lib.win-amd64-3.10\PIL
      copying src\PIL\JpegImagePlugin.py -> build\lib.win-amd64-3.10\PIL
      copying src\PIL\JpegPresets.py -> build\lib.win-amd64-3.10\PIL
      copying src\PIL\McIdasImagePlugin.py -> build\lib.win-amd64-3.10\PIL
      copying src\PIL\MicImagePlugin.py -> build\lib.win-amd64-3.10\PIL
      copying src\PIL\MpegImagePlugin.py -> build\lib.win-amd64-3.10\PIL
      copying src\PIL\MpoImagePlugin.py -> build\lib.win-amd64-3.10\PIL
      copying src\PIL\MspImagePlugin.py -> build\lib.win-amd64-3.10\PIL
      copying src\PIL\PaletteFile.py -> build\lib.win-amd64-3.10\PIL
      copying src\PIL\PalmImagePlugin.py -> build\lib.win-amd64-3.10\PIL
      copying src\PIL\PcdImagePlugin.py -> build\lib.win-amd64-3.10\PIL
      copying src\PIL\PcfFontFile.py -> build\lib.win-amd64-3.10\PIL
      copying src\PIL\PcxImagePlugin.py -> build\lib.win-amd64-3.10\PIL
      copying src\PIL\PdfImagePlugin.py -> build\lib.win-amd64-3.10\PIL
      copying src\PIL\PdfParser.py -> build\lib.win-amd64-3.10\PIL
      copying src\PIL\PixarImagePlugin.py -> build\lib.win-amd64-3.10\PIL
      copying src\PIL\PngImagePlugin.py -> build\lib.win-amd64-3.10\PIL
      copying src\PIL\PpmImagePlugin.py -> build\lib.win-amd64-3.10\PIL
      copying src\PIL\PsdImagePlugin.py -> build\lib.win-amd64-3.10\PIL
      copying src\PIL\PSDraw.py -> build\lib.win-amd64-3.10\PIL
      copying src\PIL\PyAccess.py -> build\lib.win-amd64-3.10\PIL
      copying src\PIL\SgiImagePlugin.py -> build\lib.win-amd64-3.10\PIL
      copying src\PIL\SpiderImagePlugin.py -> build\lib.win-amd64-3.10\PIL
      copying src\PIL\SunImagePlugin.py -> build\lib.win-amd64-3.10\PIL
      copying src\PIL\TarIO.py -> build\lib.win-amd64-3.10\PIL
      copying src\PIL\TgaImagePlugin.py -> build\lib.win-amd64-3.10\PIL
      copying src\PIL\TiffImagePlugin.py -> build\lib.win-amd64-3.10\PIL
      copying src\PIL\TiffTags.py -> build\lib.win-amd64-3.10\PIL
      copying src\PIL\WalImageFile.py -> build\lib.win-amd64-3.10\PIL
      copying src\PIL\WebPImagePlugin.py -> build\lib.win-amd64-3.10\PIL
      copying src\PIL\WmfImagePlugin.py -> build\lib.win-amd64-3.10\PIL
      copying src\PIL\XbmImagePlugin.py -> build\lib.win-amd64-3.10\PIL
      copying src\PIL\XpmImagePlugin.py -> build\lib.win-amd64-3.10\PIL
      copying src\PIL\XVThumbImagePlugin.py -> build\lib.win-amd64-3.10\PIL
      copying src\PIL\_binary.py -> build\lib.win-amd64-3.10\PIL
      copying src\PIL\_tkinter_finder.py -> build\lib.win-amd64-3.10\PIL
      copying src\PIL\_util.py -> build\lib.win-amd64-3.10\PIL
      copying src\PIL\_version.py -> build\lib.win-amd64-3.10\PIL
      copying src\PIL\__init__.py -> build\lib.win-amd64-3.10\PIL
      copying src\PIL\__main__.py -> build\lib.win-amd64-3.10\PIL
      running egg_info
      writing src\Pillow.egg-info\PKG-INFO
      writing dependency_links to src\Pillow.egg-info\dependency_links.txt
      writing top-level names to src\Pillow.egg-info\top_level.txt
      reading manifest file 'src\Pillow.egg-info\SOURCES.txt'
      reading manifest template 'MANIFEST.in'
      warning: no files found matching '*.c'
      warning: no files found matching '*.h'
      warning: no files found matching '*.sh'
      warning: no previously-included files found matching '.appveyor.yml'
      warning: no previously-included files found matching '.coveragerc'
      warning: no previously-included files found matching '.editorconfig'
      warning: no previously-included files found matching '.readthedocs.yml'
      warning: no previously-included files found matching 'azure-pipelines.yml'
      warning: no previously-included files found matching 'codecov.yml'
      warning: no previously-included files matching '.git*' found anywhere in distribution
      warning: no previously-included files matching '*.pyc' found anywhere in distribution
      warning: no previously-included files matching '*.so' found anywhere in distribution
      no previously-included directories found matching '.azure-pipelines'
      no previously-included directories found matching '.ci'
      adding license file 'LICENSE'
      writing manifest file 'src\Pillow.egg-info\SOURCES.txt'
      running build_ext


      The headers or library files could not be found for zlib,
      a required dependency when compiling Pillow from source.

      Please see the install instructions at:
         https://pillow.readthedocs.io/en/latest/installation.html

      Traceback (most recent call last):
        File "C:\Users\1\AppData\Local\Temp\pip-install-02n7o4j9\pillow_8654d74490554569af923b8b01e66612\setup.py", line 860, in <module>
          setup(
        File "E:\New_Env\virt\lib\site-packages\setuptools\__init__.py", line 153, in setup
          return distutils.core.setup(**attrs)
        File "C:\Users\1\AppData\Local\Programs\Python\Python310\lib\distutils\core.py", line 148, in setup
          dist.run_commands()
        File "C:\Users\1\AppData\Local\Programs\Python\Python310\lib\distutils\dist.py", line 966, in run_commands
          self.run_command(cmd)
        File "C:\Users\1\AppData\Local\Programs\Python\Python310\lib\distutils\dist.py", line 985, in run_command
          cmd_obj.run()
        File "E:\New_Env\virt\lib\site-packages\setuptools\command\install.py", line 61, in run
          return orig.install.run(self)
        File "C:\Users\1\AppData\Local\Programs\Python\Python310\lib\distutils\command\install.py", line 568, in run
          self.run_command('build')
        File "C:\Users\1\AppData\Local\Programs\Python\Python310\lib\distutils\cmd.py", line 313, in run_command
          self.distribution.run_command(command)
        File "C:\Users\1\AppData\Local\Programs\Python\Python310\lib\distutils\dist.py", line 985, in run_command
          cmd_obj.run()
        File "C:\Users\1\AppData\Local\Programs\Python\Python310\lib\distutils\command\build.py", line 135, in run
          self.run_command(cmd_name)
        File "C:\Users\1\AppData\Local\Programs\Python\Python310\lib\distutils\cmd.py", line 313, in run_command
          self.distribution.run_command(command)
        File "C:\Users\1\AppData\Local\Programs\Python\Python310\lib\distutils\dist.py", line 985, in run_command
          cmd_obj.run()
        File "C:\Users\1\AppData\Local\Programs\Python\Python310\lib\distutils\command\build_ext.py", line 340, in run
          self.build_extensions()
        File "C:\Users\1\AppData\Local\Temp\pip-install-02n7o4j9\pillow_8654d74490554569af923b8b01e66612\setup.py", line 694, in build_extensions
          raise RequiredDependencyException(f)
      __main__.RequiredDependencyException: zlib

      During handling of the above exception, another exception occurred:

      Traceback (most recent call last):
        File "<string>", line 2, in <module>
        File "<pip-setuptools-caller>", line 34, in <module>
        File "C:\Users\1\AppData\Local\Temp\pip-install-02n7o4j9\pillow_8654d74490554569af923b8b01e66612\setup.py", line 914, in <module>
          raise RequiredDependencyException(msg)
      __main__.RequiredDependencyException:

      The headers or library files could not be found for zlib,
      a required dependency when compiling Pillow from source.

      Please see the install instructions at:
         https://pillow.readthedocs.io/en/latest/installation.html


      [end of output]

  note: This error originates from a subprocess, and is likely not a problem with pip.
error: legacy-install-failure

× Encountered error while trying to install package.
╰─> pillow

note: This is an issue with the package mentioned above, not pip.
hint: See above for output from the failure.

(virt) E:\New_Env\virt\Scripts>pip install pillow==9.0.1
Collecting pillow==9.0.1
  Downloading Pillow-9.0.1-cp310-cp310-win_amd64.whl (3.2 MB)
     ---------------------------------------- 3.2/3.2 MB 1.9 MB/s eta 0:00:00
Installing collected packages: pillow
Successfully installed pillow-9.0.1

(virt) E:\New_Env\virt\Scripts>deactivate
E:\New_Env\virt\Scripts>
